La cantidad de caracteres es: 33
0 aparece 0 veces
1 aparece 0 veces
2 aparece 0 veces
3 aparece 0 veces
4 aparece 0 veces
5 aparece 0 veces
6 aparece 0 veces
7 aparece 0 veces
8 aparece 0 veces
9 aparece 0 veces
10 aparece 0 veces
11 aparece 0 veces
12 aparece 0 veces
13 aparece 0 veces
14 aparece 0 veces
15 aparece 0 veces
16 aparece 0 veces
17 aparece 0 veces
18 aparece 0 veces
19 aparece 0 veces
20 aparece 0 veces
21 aparece 0 veces
22 aparece 0 veces
23 aparece 0 veces
24 aparece 0 veces
25 aparece 0 veces
26 aparece 0 veces
27 aparece 0 veces
28 aparece 0 veces
29 aparece 0 veces
30 aparece 0 veces
31 aparece 0 veces
33 aparece 0 veces
34 aparece 0 veces
35 aparece 0 veces
36 aparece 0 veces
37 aparece 0 veces
38 aparece 0 veces
39 aparece 0 veces
40 aparece 0 veces
41 aparece 0 veces
42 aparece 0 veces
43 aparece 0 veces
45 aparece 0 veces
47 aparece 0 veces
48 aparece 0 veces
49 aparece 0 veces
50 aparece 0 veces
51 aparece 0 veces
52 aparece 0 veces
53 aparece 0 veces
54 aparece 0 veces
55 aparece 0 veces
56 aparece 0 veces
57 aparece 0 veces
59 aparece 0 veces
60 aparece 0 veces
61 aparece 0 veces
62 aparece 0 veces
63 aparece 0 veces
64 aparece 0 veces
65 aparece 0 veces
66 aparece 0 veces
67 aparece 0 veces
68 aparece 0 veces
69 aparece 0 veces
71 aparece 0 veces
72 aparece 0 veces
73 aparece 0 veces
74 aparece 0 veces
75 aparece 0 veces
76 aparece 0 veces
77 aparece 0 veces
78 aparece 0 veces
79 aparece 0 veces
80 aparece 0 veces
81 aparece 0 veces
82 aparece 0 veces
83 aparece 0 veces
84 aparece 0 veces
85 aparece 0 veces
86 aparece 0 veces
87 aparece 0 veces
88 aparece 0 veces
89 aparece 0 veces
90 aparece 0 veces
91 aparece 0 veces
92 aparece 0 veces
93 aparece 0 veces
94 aparece 0 veces
95 aparece 0 veces
96 aparece 0 veces
99 aparece 0 veces
100 aparece 0 veces
102 aparece 0 veces
103 aparece 0 veces
105 aparece 0 veces
106 aparece 0 veces
107 aparece 0 veces
109 aparece 0 veces
112 aparece 0 veces
113 aparece 0 veces
116 aparece 0 veces
117 aparece 0 veces
120 aparece 0 veces
122 aparece 0 veces
123 aparece 0 veces
124 aparece 0 veces
125 aparece 0 veces
126 aparece 0 veces
127 aparece 0 veces
128 aparece 0 veces
129 aparece 0 veces
130 aparece 0 veces
131 aparece 0 veces
132 aparece 0 veces
133 aparece 0 veces
134 aparece 0 veces
135 aparece 0 veces
136 aparece 0 veces
137 aparece 0 veces
138 aparece 0 veces
139 aparece 0 veces
140 aparece 0 veces
141 aparece 0 veces
142 aparece 0 veces
143 aparece 0 veces
144 aparece 0 veces
145 aparece 0 veces
146 aparece 0 veces
147 aparece 0 veces
148 aparece 0 veces
149 aparece 0 veces
150 aparece 0 veces
151 aparece 0 veces
152 aparece 0 veces
153 aparece 0 veces
154 aparece 0 veces
155 aparece 0 veces
156 aparece 0 veces
157 aparece 0 veces
158 aparece 0 veces
159 aparece 0 veces
160 aparece 0 veces
161 aparece 0 veces
162 aparece 0 veces
163 aparece 0 veces
164 aparece 0 veces
165 aparece 0 veces
166 aparece 0 veces
167 aparece 0 veces
168 aparece 0 veces
169 aparece 0 veces
170 aparece 0 veces
171 aparece 0 veces
172 aparece 0 veces
173 aparece 0 veces
174 aparece 0 veces
175 aparece 0 veces
176 aparece 0 veces
177 aparece 0 veces
178 aparece 0 veces
179 aparece 0 veces
180 aparece 0 veces
181 aparece 0 veces
182 aparece 0 veces
183 aparece 0 veces
184 aparece 0 veces
185 aparece 0 veces
186 aparece 0 veces
187 aparece 0 veces
188 aparece 0 veces
189 aparece 0 veces
190 aparece 0 veces
191 aparece 0 veces
192 aparece 0 veces
193 aparece 0 veces
194 aparece 0 veces
195 aparece 0 veces
196 aparece 0 veces
197 aparece 0 veces
198 aparece 0 veces
199 aparece 0 veces
200 aparece 0 veces
201 aparece 0 veces
202 aparece 0 veces
203 aparece 0 veces
204 aparece 0 veces
205 aparece 0 veces
206 aparece 0 veces
207 aparece 0 veces
208 aparece 0 veces
209 aparece 0 veces
210 aparece 0 veces
211 aparece 0 veces
212 aparece 0 veces
213 aparece 0 veces
214 aparece 0 veces
215 aparece 0 veces
216 aparece 0 veces
217 aparece 0 veces
218 aparece 0 veces
219 aparece 0 veces
220 aparece 0 veces
221 aparece 0 veces
222 aparece 0 veces
223 aparece 0 veces
224 aparece 0 veces
225 aparece 0 veces
226 aparece 0 veces
227 aparece 0 veces
228 aparece 0 veces
229 aparece 0 veces
230 aparece 0 veces
231 aparece 0 veces
232 aparece 0 veces
233 aparece 0 veces
234 aparece 0 veces
235 aparece 0 veces
236 aparece 0 veces
237 aparece 0 veces
238 aparece 0 veces
239 aparece 0 veces
240 aparece 0 veces
241 aparece 0 veces
242 aparece 0 veces
243 aparece 0 veces
244 aparece 0 veces
245 aparece 0 veces
246 aparece 0 veces
247 aparece 0 veces
248 aparece 0 veces
249 aparece 0 veces
250 aparece 0 veces
251 aparece 0 veces
252 aparece 0 veces
253 aparece 0 veces
254 aparece 0 veces
255 aparece 0 veces
44 aparece 1 veces
46 aparece 1 veces
58 aparece 1 veces
70 aparece 1 veces
104 aparece 1 veces
108 aparece 1 veces
118 aparece 1 veces
119 aparece 1 veces
121 aparece 1 veces
97 aparece 2 veces
98 aparece 2 veces
110 aparece 2 veces
111 aparece 3 veces
114 aparece 3 veces
115 aparece 3 veces
101 aparece 4 veces
32 aparece 5 veces
La cantidad que leyo es: 33
